Session: Array
(
    [username] => t15163
    [name] => t15163
    [email] => shreshthaburagohain@gmail.com
    [uid] => 38
)

Is Admin: No
Session: Array
(
    [username] => t15163
    [name] => t15163
    [email] => shreshthaburagohain@gmail.com
    [uid] => 38
)

Is Admin: No
Session: Array
(
    [username] => t15163
    [name] => t15163
    [email] => shreshthaburagohain@gmail.com
    [uid] => 38
)

Is Admin: No
Session: Array
(
    [username] => t15163
    [name] => t15163
    [email] => shreshthaburagohain@gmail.com
    [uid] => 38
)

Is Admin: No
Session: Array
(
    [username] => t15163
    [name] => t15163
    [email] => mehak@gmail.com
    [uid] => 38
)

Is Admin: No
Session: Array
(
    [username] => t15163
    [name] => t15163
    [email] => mehak@gmail.com
    [uid] => 38
)

Is Admin: No, Admin Name: Admin
Session: Array
(
    [username] => t15163
    [name] => t15163
    [email] => mehak@gmail.com
    [uid] => 38
)

Is Admin: No, Admin Name: Admin
Session: Array
(
    [username] => t15163
    [name] => t15163
    [email] => mehak@gmail.com
    [uid] => 38
)

Is Admin: No, Admin Name: Admin
Session: Array
(
    [username] => t15163
    [name] => t15163
    [email] => mehak@gmail.com
    [uid] => 38
)

Is Admin: No, Admin Name: Admin
Session: Array
(
    [username] => t15163
    [name] => t15163
    [email] => mehak@gmail.com
    [uid] => 38
)

Is Admin: No, Admin Name: Admin
Session: Array
(
    [username] => t15163
    [name] => t15163
    [email] => mehak@gmail.com
    [uid] => 38
)

Is Admin: No, Admin Name: Admin
Session: Array
(
    [username] => t15163
    [name] => t15163
    [email] => mehak@gmail.com
    [uid] => 38
)

Is Admin: No, Admin Name: Admin
