[07-Apr-2025 06:50:32 UTC] PHP Warning:  session_start(): Session cannot be started after headers have already been sent in C:\wamp64\www\ims\addstudent.php on line 6
[07-Apr-2025 06:50:32 UTC] PHP Stack trace:
[07-Apr-2025 06:50:32 UTC] PHP   1. {main}() C:\wamp64\www\ims\addstudent.php:0
[07-Apr-2025 06:50:32 UTC] PHP   2. session_start() C:\wamp64\www\ims\addstudent.php:6
[07-Apr-2025 06:50:33 UTC] PHP Warning:  session_start(): Session cannot be started after headers have already been sent in C:\wamp64\www\ims\addstudent.php on line 6
[07-Apr-2025 06:50:33 UTC] PHP Stack trace:
[07-Apr-2025 06:50:33 UTC] PHP   1. {main}() C:\wamp64\www\ims\addstudent.php:0
[07-Apr-2025 06:50:33 UTC] PHP   2. session_start() C:\wamp64\www\ims\addstudent.php:6
[07-Apr-2025 06:50:34 UTC] PHP Warning:  session_start(): Session cannot be started after headers have already been sent in C:\wamp64\www\ims\addstudent.php on line 6
[07-Apr-2025 06:50:34 UTC] PHP Stack trace:
[07-Apr-2025 06:50:34 UTC] PHP   1. {main}() C:\wamp64\www\ims\addstudent.php:0
[07-Apr-2025 06:50:34 UTC] PHP   2. session_start() C:\wamp64\www\ims\addstudent.php:6
[07-Apr-2025 06:50:34 UTC] PHP Warning:  session_start(): Session cannot be started after headers have already been sent in C:\wamp64\www\ims\addstudent.php on line 6
[07-Apr-2025 06:50:34 UTC] PHP Stack trace:
[07-Apr-2025 06:50:34 UTC] PHP   1. {main}() C:\wamp64\www\ims\addstudent.php:0
[07-Apr-2025 06:50:34 UTC] PHP   2. session_start() C:\wamp64\www\ims\addstudent.php:6
[07-Apr-2025 06:50:34 UTC] PHP Warning:  session_start(): Session cannot be started after headers have already been sent in C:\wamp64\www\ims\addstudent.php on line 6
[07-Apr-2025 06:50:34 UTC] PHP Stack trace:
[07-Apr-2025 06:50:34 UTC] PHP   1. {main}() C:\wamp64\www\ims\addstudent.php:0
[07-Apr-2025 06:50:34 UTC] PHP   2. session_start() C:\wamp64\www\ims\addstudent.php:6
[07-Apr-2025 06:50:34 UTC] PHP Warning:  session_start(): Session cannot be started after headers have already been sent in C:\wamp64\www\ims\addstudent.php on line 6
[07-Apr-2025 06:50:34 UTC] PHP Stack trace:
[07-Apr-2025 06:50:34 UTC] PHP   1. {main}() C:\wamp64\www\ims\addstudent.php:0
[07-Apr-2025 06:50:34 UTC] PHP   2. session_start() C:\wamp64\www\ims\addstudent.php:6
[07-Apr-2025 06:52:05 UTC] PHP Warning:  session_start(): Session cannot be started after headers have already been sent in C:\wamp64\www\ims\addstudent.php on line 6
[07-Apr-2025 06:52:05 UTC] PHP Stack trace:
[07-Apr-2025 06:52:05 UTC] PHP   1. {main}() C:\wamp64\www\ims\addstudent.php:0
[07-Apr-2025 06:52:05 UTC] PHP   2. session_start() C:\wamp64\www\ims\addstudent.php:6
[07-Apr-2025 06:53:55 UTC] PHP Warning:  session_start(): Session cannot be started after headers have already been sent in C:\wamp64\www\ims\addstudent.php on line 6
[07-Apr-2025 06:53:55 UTC] PHP Stack trace:
[07-Apr-2025 06:53:55 UTC] PHP   1. {main}() C:\wamp64\www\ims\addstudent.php:0
[07-Apr-2025 06:53:55 UTC] PHP   2. session_start() C:\wamp64\www\ims\addstudent.php:6
[07-Apr-2025 06:53:56 UTC] PHP Warning:  session_start(): Session cannot be started after headers have already been sent in C:\wamp64\www\ims\addstudent.php on line 6
[07-Apr-2025 06:53:56 UTC] PHP Stack trace:
[07-Apr-2025 06:53:56 UTC] PHP   1. {main}() C:\wamp64\www\ims\addstudent.php:0
[07-Apr-2025 06:53:56 UTC] PHP   2. session_start() C:\wamp64\www\ims\addstudent.php:6
[07-Apr-2025 06:54:48 UTC] PHP Warning:  session_start(): Session cannot be started after headers have already been sent in C:\wamp64\www\ims\addstudent.php on line 6
[07-Apr-2025 06:54:48 UTC] PHP Stack trace:
[07-Apr-2025 06:54:48 UTC] PHP   1. {main}() C:\wamp64\www\ims\addstudent.php:0
[07-Apr-2025 06:54:48 UTC] PHP   2. session_start() C:\wamp64\www\ims\addstudent.php:6
[07-Apr-2025 06:54:48 UTC] PHP Warning:  session_start(): Session cannot be started after headers have already been sent in C:\wamp64\www\ims\addstudent.php on line 6
[07-Apr-2025 06:54:48 UTC] PHP Stack trace:
[07-Apr-2025 06:54:48 UTC] PHP   1. {main}() C:\wamp64\www\ims\addstudent.php:0
[07-Apr-2025 06:54:48 UTC] PHP   2. session_start() C:\wamp64\www\ims\addstudent.php:6
[07-Apr-2025 06:54:49 UTC] PHP Warning:  session_start(): Session cannot be started after headers have already been sent in C:\wamp64\www\ims\addstudent.php on line 6
[07-Apr-2025 06:54:49 UTC] PHP Stack trace:
[07-Apr-2025 06:54:49 UTC] PHP   1. {main}() C:\wamp64\www\ims\addstudent.php:0
[07-Apr-2025 06:54:49 UTC] PHP   2. session_start() C:\wamp64\www\ims\addstudent.php:6
[07-Apr-2025 06:54:49 UTC] PHP Warning:  session_start(): Session cannot be started after headers have already been sent in C:\wamp64\www\ims\addstudent.php on line 6
[07-Apr-2025 06:54:49 UTC] PHP Stack trace:
[07-Apr-2025 06:54:49 UTC] PHP   1. {main}() C:\wamp64\www\ims\addstudent.php:0
[07-Apr-2025 06:54:49 UTC] PHP   2. session_start() C:\wamp64\www\ims\addstudent.php:6
[07-Apr-2025 06:54:49 UTC] PHP Warning:  session_start(): Session cannot be started after headers have already been sent in C:\wamp64\www\ims\addstudent.php on line 6
[07-Apr-2025 06:54:49 UTC] PHP Stack trace:
[07-Apr-2025 06:54:49 UTC] PHP   1. {main}() C:\wamp64\www\ims\addstudent.php:0
[07-Apr-2025 06:54:49 UTC] PHP   2. session_start() C:\wamp64\www\ims\addstudent.php:6
[07-Apr-2025 06:54:49 UTC] PHP Warning:  session_start(): Session cannot be started after headers have already been sent in C:\wamp64\www\ims\addstudent.php on line 6
[07-Apr-2025 06:54:49 UTC] PHP Stack trace:
[07-Apr-2025 06:54:49 UTC] PHP   1. {main}() C:\wamp64\www\ims\addstudent.php:0
[07-Apr-2025 06:54:49 UTC] PHP   2. session_start() C:\wamp64\www\ims\addstudent.php:6
[07-Apr-2025 06:56:33 UTC] PHP Warning:  session_start(): Session cannot be started after headers have already been sent in C:\wamp64\www\ims\addstudent.php on line 6
[07-Apr-2025 06:56:33 UTC] PHP Stack trace:
[07-Apr-2025 06:56:33 UTC] PHP   1. {main}() C:\wamp64\www\ims\addstudent.php:0
[07-Apr-2025 06:56:33 UTC] PHP   2. session_start() C:\wamp64\www\ims\addstudent.php:6
[07-Apr-2025 06:56:34 UTC] PHP Warning:  session_start(): Session cannot be started after headers have already been sent in C:\wamp64\www\ims\addstudent.php on line 6
[07-Apr-2025 06:56:34 UTC] PHP Stack trace:
[07-Apr-2025 06:56:34 UTC] PHP   1. {main}() C:\wamp64\www\ims\addstudent.php:0
[07-Apr-2025 06:56:34 UTC] PHP   2. session_start() C:\wamp64\www\ims\addstudent.php:6
[07-Apr-2025 06:56:35 UTC] PHP Warning:  session_start(): Session cannot be started after headers have already been sent in C:\wamp64\www\ims\addstudent.php on line 6
[07-Apr-2025 06:56:35 UTC] PHP Stack trace:
[07-Apr-2025 06:56:35 UTC] PHP   1. {main}() C:\wamp64\www\ims\addstudent.php:0
[07-Apr-2025 06:56:35 UTC] PHP   2. session_start() C:\wamp64\www\ims\addstudent.php:6
[07-Apr-2025 06:56:35 UTC] PHP Warning:  session_start(): Session cannot be started after headers have already been sent in C:\wamp64\www\ims\addstudent.php on line 6
[07-Apr-2025 06:56:35 UTC] PHP Stack trace:
[07-Apr-2025 06:56:35 UTC] PHP   1. {main}() C:\wamp64\www\ims\addstudent.php:0
[07-Apr-2025 06:56:35 UTC] PHP   2. session_start() C:\wamp64\www\ims\addstudent.php:6
[07-Apr-2025 06:56:35 UTC] PHP Warning:  session_start(): Session cannot be started after headers have already been sent in C:\wamp64\www\ims\addstudent.php on line 6
[07-Apr-2025 06:56:35 UTC] PHP Stack trace:
[07-Apr-2025 06:56:35 UTC] PHP   1. {main}() C:\wamp64\www\ims\addstudent.php:0
[07-Apr-2025 06:56:35 UTC] PHP   2. session_start() C:\wamp64\www\ims\addstudent.php:6
[07-Apr-2025 06:56:36 UTC] PHP Warning:  session_start(): Session cannot be started after headers have already been sent in C:\wamp64\www\ims\addstudent.php on line 6
[07-Apr-2025 06:56:36 UTC] PHP Stack trace:
[07-Apr-2025 06:56:36 UTC] PHP   1. {main}() C:\wamp64\www\ims\addstudent.php:0
[07-Apr-2025 06:56:36 UTC] PHP   2. session_start() C:\wamp64\www\ims\addstudent.php:6
[07-Apr-2025 06:56:36 UTC] PHP Warning:  session_start(): Session cannot be started after headers have already been sent in C:\wamp64\www\ims\addstudent.php on line 6
[07-Apr-2025 06:56:36 UTC] PHP Stack trace:
[07-Apr-2025 06:56:36 UTC] PHP   1. {main}() C:\wamp64\www\ims\addstudent.php:0
[07-Apr-2025 06:56:36 UTC] PHP   2. session_start() C:\wamp64\www\ims\addstudent.php:6
[07-Apr-2025 06:56:36 UTC] PHP Warning:  session_start(): Session cannot be started after headers have already been sent in C:\wamp64\www\ims\addstudent.php on line 6
[07-Apr-2025 06:56:36 UTC] PHP Stack trace:
[07-Apr-2025 06:56:36 UTC] PHP   1. {main}() C:\wamp64\www\ims\addstudent.php:0
[07-Apr-2025 06:56:36 UTC] PHP   2. session_start() C:\wamp64\www\ims\addstudent.php:6
[07-Apr-2025 06:56:36 UTC] PHP Warning:  session_start(): Session cannot be started after headers have already been sent in C:\wamp64\www\ims\addstudent.php on line 6
[07-Apr-2025 06:56:36 UTC] PHP Stack trace:
[07-Apr-2025 06:56:36 UTC] PHP   1. {main}() C:\wamp64\www\ims\addstudent.php:0
[07-Apr-2025 06:56:36 UTC] PHP   2. session_start() C:\wamp64\www\ims\addstudent.php:6
[07-Apr-2025 06:56:36 UTC] PHP Warning:  session_start(): Session cannot be started after headers have already been sent in C:\wamp64\www\ims\addstudent.php on line 6
[07-Apr-2025 06:56:36 UTC] PHP Stack trace:
[07-Apr-2025 06:56:36 UTC] PHP   1. {main}() C:\wamp64\www\ims\addstudent.php:0
[07-Apr-2025 06:56:36 UTC] PHP   2. session_start() C:\wamp64\www\ims\addstudent.php:6
[07-Apr-2025 06:56:37 UTC] PHP Warning:  session_start(): Session cannot be started after headers have already been sent in C:\wamp64\www\ims\addstudent.php on line 6
/*all my errors*/
[07-Apr-2025 06:56:37 UTC] PHP Stack trace:
[07-Apr-2025 06:56:37 UTC] PHP   1. {main}() C:\wamp64\www\ims\addstudent.php:0
[07-Apr-2025 06:56:37 UTC] PHP   2. session_start() C:\wamp64\www\ims\addstudent.php:6
[07-Apr-2025 06:56:37 UTC] PHP Warning:  session_start(): Session cannot be started after headers have already been sent in C:\wamp64\www\ims\addstudent.php on line 6
[07-Apr-2025 06:56:37 UTC] PHP Stack trace:
[07-Apr-2025 06:56:37 UTC] PHP   1. {main}() C:\wamp64\www\ims\addstudent.php:0
[07-Apr-2025 06:56:37 UTC] PHP   2. session_start() C:\wamp64\www\ims\addstudent.php:6
[07-Apr-2025 06:56:37 UTC] PHP Warning:  session_start(): Session cannot be started after headers have already been sent in C:\wamp64\www\ims\addstudent.php on line 6
[07-Apr-2025 06:56:37 UTC] PHP Stack trace:
[07-Apr-2025 06:56:37 UTC] PHP   1. {main}() C:\wamp64\www\ims\addstudent.php:0
[07-Apr-2025 06:56:37 UTC] PHP   2. session_start() C:\wamp64\www\ims\addstudent.php:6
[07-Apr-2025 06:56:37 UTC] PHP Warning:  session_start(): Session cannot be started after headers have already been sent in C:\wamp64\www\ims\addstudent.php on line 6
[07-Apr-2025 06:56:37 UTC] PHP Stack trace:
[07-Apr-2025 06:56:37 UTC] PHP   1. {main}() C:\wamp64\www\ims\addstudent.php:0
[07-Apr-2025 06:56:37 UTC] PHP   2. session_start() C:\wamp64\www\ims\addstudent.php:6
[07-Apr-2025 06:56:37 UTC] PHP Warning:  session_start(): Session cannot be started after headers have already been sent in C:\wamp64\www\ims\addstudent.php on line 6
[07-Apr-2025 06:56:37 UTC] PHP Stack trace:
[07-Apr-2025 06:56:37 UTC] PHP   1. {main}() C:\wamp64\www\ims\addstudent.php:0
[07-Apr-2025 06:56:37 UTC] PHP   2. session_start() C:\wamp64\www\ims\addstudent.php:6
[07-Apr-2025 06:56:37 UTC] PHP Warning:  session_start(): Session cannot be started after headers have already been sent in C:\wamp64\www\ims\addstudent.php on line 6
[07-Apr-2025 06:56:37 UTC] PHP Stack trace:
[07-Apr-2025 06:56:37 UTC] PHP   1. {main}() C:\wamp64\www\ims\addstudent.php:0
[07-Apr-2025 06:56:37 UTC] PHP   2. session_start() C:\wamp64\www\ims\addstudent.php:6
[07-Apr-2025 06:56:38 UTC] PHP Warning:  session_start(): Session cannot be started after headers have already been sent in C:\wamp64\www\ims\addstudent.php on line 6
[07-Apr-2025 06:56:38 UTC] PHP Stack trace:
[07-Apr-2025 06:56:38 UTC] PHP   1. {main}() C:\wamp64\www\ims\addstudent.php:0
[07-Apr-2025 06:56:38 UTC] PHP   2. session_start() C:\wamp64\www\ims\addstudent.php:6
[07-Apr-2025 06:56:38 UTC] PHP Warning:  session_start(): Session cannot be started after headers have already been sent in C:\wamp64\www\ims\addstudent.php on line 6
[07-Apr-2025 06:56:38 UTC] PHP Stack trace:
[07-Apr-2025 06:56:38 UTC] PHP   1. {main}() C:\wamp64\www\ims\addstudent.php:0
[07-Apr-2025 06:56:38 UTC] PHP   2. session_start() C:\wamp64\www\ims\addstudent.php:6
[07-Apr-2025 06:56:38 UTC] PHP Warning:  session_start(): Session cannot be started after headers have already been sent in C:\wamp64\www\ims\addstudent.php on line 6
[07-Apr-2025 06:56:38 UTC] PHP Stack trace:
[07-Apr-2025 06:56:38 UTC] PHP   1. {main}() C:\wamp64\www\ims\addstudent.php:0
[07-Apr-2025 06:56:38 UTC] PHP   2. session_start() C:\wamp64\www\ims\addstudent.php:6
[07-Apr-2025 06:56:38 UTC] PHP Warning:  session_start(): Session cannot be started after headers have already been sent in C:\wamp64\www\ims\addstudent.php on line 6
[07-Apr-2025 06:56:38 UTC] PHP Stack trace:
[07-Apr-2025 06:56:38 UTC] PHP   1. {main}() C:\wamp64\www\ims\addstudent.php:0
[07-Apr-2025 06:56:38 UTC] PHP   2. session_start() C:\wamp64\www\ims\addstudent.php:6
[07-Apr-2025 06:56:38 UTC] PHP Warning:  session_start(): Session cannot be started after headers have already been sent in C:\wamp64\www\ims\addstudent.php on line 6
[07-Apr-2025 06:56:38 UTC] PHP Stack trace:
[07-Apr-2025 06:56:38 UTC] PHP   1. {main}() C:\wamp64\www\ims\addstudent.php:0
[07-Apr-2025 06:56:38 UTC] PHP   2. session_start() C:\wamp64\www\ims\addstudent.php:6
[07-Apr-2025 06:56:38 UTC] PHP Warning:  session_start(): Session cannot be started after headers have already been sent in C:\wamp64\www\ims\addstudent.php on line 6
[07-Apr-2025 06:56:38 UTC] PHP Stack trace:
[07-Apr-2025 06:56:38 UTC] PHP   1. {main}() C:\wamp64\www\ims\addstudent.php:0
[07-Apr-2025 06:56:38 UTC] PHP   2. session_start() C:\wamp64\www\ims\addstudent.php:6
[07-Apr-2025 06:56:39 UTC] PHP Warning:  session_start(): Session cannot be started after headers have already been sent in C:\wamp64\www\ims\addstudent.php on line 6
[07-Apr-2025 06:56:39 UTC] PHP Stack trace:
[07-Apr-2025 06:56:39 UTC] PHP   1. {main}() C:\wamp64\www\ims\addstudent.php:0
[07-Apr-2025 06:56:39 UTC] PHP   2. session_start() C:\wamp64\www\ims\addstudent.php:6
[07-Apr-2025 06:56:39 UTC] PHP Warning:  session_start(): Session cannot be started after headers have already been sent in C:\wamp64\www\ims\addstudent.php on line 6
[07-Apr-2025 06:56:39 UTC] PHP Stack trace:
[07-Apr-2025 06:56:39 UTC] PHP   1. {main}() C:\wamp64\www\ims\addstudent.php:0
[07-Apr-2025 06:56:39 UTC] PHP   2. session_start() C:\wamp64\www\ims\addstudent.php:6
[07-Apr-2025 06:56:39 UTC] PHP Warning:  session_start(): Session cannot be started after headers have already been sent in C:\wamp64\www\ims\addstudent.php on line 6
[07-Apr-2025 06:56:39 UTC] PHP Stack trace:
[07-Apr-2025 06:56:39 UTC] PHP   1. {main}() C:\wamp64\www\ims\addstudent.php:0
[07-Apr-2025 06:56:39 UTC] PHP   2. session_start() C:\wamp64\www\ims\addstudent.php:6
[07-Apr-2025 06:56:39 UTC] PHP Warning:  session_start(): Session cannot be started after headers have already been sent in C:\wamp64\www\ims\addstudent.php on line 6
[07-Apr-2025 06:56:39 UTC] PHP Stack trace:
[07-Apr-2025 06:56:39 UTC] PHP   1. {main}() C:\wamp64\www\ims\addstudent.php:0
[07-Apr-2025 06:56:39 UTC] PHP   2. session_start() C:\wamp64\www\ims\addstudent.php:6
[07-Apr-2025 06:57:59 UTC] PHP Warning:  session_start(): Session cannot be started after headers have already been sent in C:\wamp64\www\ims\addstudent.php on line 6
[07-Apr-2025 06:57:59 UTC] PHP Stack trace:
[07-Apr-2025 06:57:59 UTC] PHP   1. {main}() C:\wamp64\www\ims\addstudent.php:0
[07-Apr-2025 06:57:59 UTC] PHP   2. session_start() C:\wamp64\www\ims\addstudent.php:6
[07-Apr-2025 07:03:47 UTC] PHP Warning:  session_start(): Session cannot be started after headers have already been sent in C:\wamp64\www\ims\addstudent.php on line 6
[07-Apr-2025 07:03:47 UTC] PHP Stack trace:
[07-Apr-2025 07:03:47 UTC] PHP   1. {main}() C:\wamp64\www\ims\addstudent.php:0
[07-Apr-2025 07:03:47 UTC] PHP   2. session_start() C:\wamp64\www\ims\addstudent.php:6
[07-Apr-2025 07:04:05 UTC] PHP Warning:  session_start(): Session cannot be started after headers have already been sent in C:\wamp64\www\ims\addstudent.php on line 6
[07-Apr-2025 07:04:05 UTC] PHP Stack trace:
[07-Apr-2025 07:04:05 UTC] PHP   1. {main}() C:\wamp64\www\ims\addstudent.php:0
[07-Apr-2025 07:04:05 UTC] PHP   2. session_start() C:\wamp64\www\ims\addstudent.php:6
[07-Apr-2025 20:05:06 UTC] PHP Fatal error:  Uncaught Error: Undefined constant "DB_HOST" in C:\wamp64\www\ims\complain.php:20
Stack trace:
#0 {main}
  thrown in C:\wamp64\www\ims\complain.php on line 20
[07-Apr-2025 20:05:07 UTC] PHP Fatal error:  Uncaught Error: Undefined constant "DB_HOST" in C:\wamp64\www\ims\complain.php:20
Stack trace:
#0 {main}
  thrown in C:\wamp64\www\ims\complain.php on line 20
[07-Apr-2025 20:05:09 UTC] PHP Fatal error:  Uncaught Error: Undefined constant "DB_HOST" in C:\wamp64\www\ims\complain.php:20
Stack trace:
#0 {main}
  thrown in C:\wamp64\www\ims\complain.php on line 20
[07-Apr-2025 20:05:10 UTC] PHP Fatal error:  Uncaught Error: Undefined constant "DB_HOST" in C:\wamp64\www\ims\complain.php:20
Stack trace:
#0 {main}
  thrown in C:\wamp64\www\ims\complain.php on line 20
[07-Apr-2025 20:05:11 UTC] PHP Fatal error:  Uncaught Error: Undefined constant "DB_HOST" in C:\wamp64\www\ims\complain.php:20
Stack trace:
#0 {main}
  thrown in C:\wamp64\www\ims\complain.php on line 20
[07-Apr-2025 20:05:11 UTC] PHP Fatal error:  Uncaught Error: Undefined constant "DB_HOST" in C:\wamp64\www\ims\complain.php:20
Stack trace:
#0 {main}
  thrown in C:\wamp64\www\ims\complain.php on line 20
[07-Apr-2025 20:05:11 UTC] PHP Fatal error:  Uncaught Error: Undefined constant "DB_HOST" in C:\wamp64\www\ims\complain.php:20
Stack trace:
#0 {main}
  thrown in C:\wamp64\www\ims\complain.php on line 20
[07-Apr-2025 20:05:12 UTC] PHP Fatal error:  Uncaught Error: Undefined constant "DB_HOST" in C:\wamp64\www\ims\complain.php:20
Stack trace:
#0 {main}
  thrown in C:\wamp64\www\ims\complain.php on line 20
[07-Apr-2025 20:05:12 UTC] PHP Fatal error:  Uncaught Error: Undefined constant "DB_HOST" in C:\wamp64\www\ims\complain.php:20
Stack trace:
#0 {main}
  thrown in C:\wamp64\www\ims\complain.php on line 20
[07-Apr-2025 20:05:12 UTC] PHP Fatal error:  Uncaught Error: Undefined constant "DB_HOST" in C:\wamp64\www\ims\complain.php:20
Stack trace:
#0 {main}
  thrown in C:\wamp64\www\ims\complain.php on line 20
